#-----------------------------------------------------------
# Vivado v2025.2 (64-bit)
# SW Build 6299465 on Fri Nov 14 19:35:11 GMT 2025
# IP Build 6300035 on Fri Nov 14 10:48:45 MST 2025
# SharedData Build 6298862 on Thu Nov 13 04:50:51 MST 2025
# Start of session at: Mon Apr  6 13:57:47 2026
# Process ID         : 31408
# Current directory  : D:/placment/MiniProject_verilog/Basys3_4Bit_ALU
# Command line       : vivado.exe -gui_launcher_event rodinguilauncherevent21348 D:\placment\MiniProject_verilog\Basys3_4Bit_ALU\Basys3_4Bit_ALU.xpr
# Log file           : D:/placment/MiniProject_verilog/Basys3_4Bit_ALU/vivado.log
# Journal file       : D:/placment/MiniProject_verilog/Basys3_4Bit_ALU\vivado.jou
# Running On         : LAPTOP-G8VL8P84
# Platform           : Windows Server 2016 or Windows 10
# Operating System   : 26200
# Processor Detail   : 13th Gen Intel(R) Core(TM) i5-1340P
# CPU Frequency      : 2189 MHz
# CPU Physical cores : 12
# CPU Logical cores  : 16
# Host memory        : 16803 MB
# Swap memory        : 5637 MB
# Total Virtual      : 22440 MB
# Available Virtual  : 8826 MB
#-----------------------------------------------------------
start_gui
open_project D:/placment/MiniProject_verilog/Basys3_4Bit_ALU/Basys3_4Bit_ALU.xpr
update_compile_order -fileset sources_1
reset_run synth_1
launch_runs synth_1 -jobs 8
wait_on_run synth_1
launch_runs impl_1 -jobs 8
wait_on_run impl_1
